main.c:89:5:main	224	static
main.c:252:6:SystemClock_Config	88	static
main.c:297:13:MX_ADC1_Init	24	static
main.c:363:13:MX_USART1_UART_Init	8	static
main.c:396:13:MX_USART2_UART_Init	8	static
main.c:429:13:MX_GPIO_Init	48	static
main.c:464:6:Init_MyQueue	16	static
main.c:472:6:Myqueue_Add	16	static
main.c:487:10:Myqueue_GetAvg	16	static
main.c:491:10:Humid_Calibrate	32	static
main.c:500:10:Light_Calibrate	32	static
main.c:509:10:Temperature_Calibrate	40	static
main.c:524:6:Error_Handler	4	static,ignoring_inline_asm
