main.c:89:5:main	224	static
main.c:251:6:SystemClock_Config	88	static
main.c:296:13:MX_ADC1_Init	24	static
main.c:362:13:MX_USART1_UART_Init	8	static
main.c:395:13:MX_USART2_UART_Init	8	static
main.c:428:13:MX_GPIO_Init	48	static
main.c:463:6:Init_MyQueue	16	static
main.c:471:6:Myqueue_Add	16	static
main.c:486:10:Myqueue_GetAvg	16	static
main.c:490:10:Humid_Calibrate	32	static
main.c:499:10:Light_Calibrate	32	static
main.c:508:10:Temperature_Calibrate	40	static
main.c:523:6:Error_Handler	4	static,ignoring_inline_asm
